Microchip MPLAB XC8 Compiler V2.00 ()

Linker command line:

-W-3 --edf=C:\Program Files (x86)\Microchip\xc8\v2.00\pic\dat\en_msgs.txt \
  -cs -h+dist/default/production\SwarmRobotProject.X.production.sym \
  --cmf=dist/default/production\SwarmRobotProject.X.production.cmf -z \
  -Q18F2550 -oC:\Users\Jamie\AppData\Local\Temp\s5es.2 \
  --defsym=__MPLAB_BUILD=1 \
  -Mdist/default/production/SwarmRobotProject.X.production.map -E1 -ver=XC8 \
  --acfsm=1493 -ASTACK=060h-07ffh -pstack=STACK -ACODE=00h-07FFFh \
  -ACONST=00h-07FFFh -ASMALLCONST=0800h-08FFhx120 \
  -AMEDIUMCONST=0800h-07FFFh -ACOMRAM=01h-05Fh -AABS1=00h-07FFh \
  -ABIGRAM=01h-07FFh -ARAM=060h-0FFh,0100h-01FFhx7 -ABANK0=060h-0FFh \
  -ABANK1=0100h-01FFh -ABANK2=0200h-02FFh -ABANK3=0300h-03FFh \
  -ABANK4=0400h-04FFh -ABANK5=0500h-05FFh -ABANK6=0600h-06FFh \
  -ABANK7=0700h-07FFh -ASFR=0F60h-0FFFh \
  -preset_vec=00h,intcode=08h,intcodelo,powerup,init -pramtop=0800h \
  -psmallconst=SMALLCONST -pmediumconst=MEDIUMCONST -pconst=CONST \
  -AFARRAM=00h-00h -ACONFIG=0300000h-030000Dh -pconfig=CONFIG \
  -AIDLOC=0200000h-0200007h -pidloc=IDLOC -AEEDATA=0F00000h-0F000FFh \
  -peeprom_data=EEDATA \
  -prdata=COMRAM,nvrram=COMRAM,nvbit=COMRAM,rbss=COMRAM,rbit=COMRAM \
  -pfarbss=FARRAM,fardata=FARRAM,nvFARRAM=FARRAM \
  -pintsave_regs=BIGRAM,bigbss=BIGRAM,bigdata=BIGRAM -pbss=RAM \
  -pidata=CODE,irdata=CODE,ibigdata=CODE,ifardata=CODE -prparam=COMRAM \
  C:\Users\Jamie\AppData\Local\Temp\s5es.o \
  dist/default/production\SwarmRobotProject.X.production.o 

Object code version is 3.11

Machine type is 18F2550

Call graph: (short form)




                Name                               Link     Load   Length Selector   Space Scale
C:\Users\Jamie\AppData\Local\Temp\s5es.o
                init                                  E        E        4        4       0
                reset_vec                             0        0        4        0       0
                idloc                            200000   200000        8   200000       0
                config                           300000   300000        E   300000       0
dist/default/production\SwarmRobotProject.X.production.o
                intcode                               8        8        6        4       0
                temp                                 19       19        1        1       1
                text10                              4F2      4F2       50        4       0
                text9                               5E6      5E6       1C        4       0
                text8                               5CA      5CA       1C        4       0
                text7                               602      602       1A        4       0
                text6                               358      358      140        4       0
                text5                               542      542       34        4       0
                intcode_body                         12       12      346        4       0
                text3                               576      576       2E        4       0
                text2                               498      498       5A        4       0
                text1                               62E      62E        2        4       0
                text0                               5A4      5A4       26        4       0
                cstackCOMRAM                          1        1       14        1       1
                bssCOMRAM                            15       15        4        1       1
                cinit                               61C      61C       12        4       0

TOTAL           Name                               Link     Load   Length     Space
        CLASS   STACK          

        CLASS   CODE           
                intcode                               8        8        6         0
                init                                  E        E        4         0
                reset_vec                             0        0        4         0
                text10                              4F2      4F2       50         0
                text9                               5E6      5E6       1C         0
                text8                               5CA      5CA       1C         0
                text7                               602      602       1A         0
                text6                               358      358      140         0
                text5                               542      542       34         0
                intcode_body                         12       12      346         0
                text3                               576      576       2E         0
                text2                               498      498       5A         0
                text1                               62E      62E        2         0
                text0                               5A4      5A4       26         0
                cinit                               61C      61C       12         0

        CLASS   CONST          

        CLASS   SMALLCONST     

        CLASS   MEDIUMCONST    

        CLASS   COMRAM         
                temp                                 19       19        1         1
                cstackCOMRAM                          1        1       14         1
                bssCOMRAM                            15       15        4         1

        CLASS   ABS1           

        CLASS   BIGRAM         

        CLASS   RAM            

        CLASS   BANK0          

        CLASS   BANK1          

        CLASS   BANK2          

        CLASS   BANK3          

        CLASS   BANK4          

        CLASS   BANK5          

        CLASS   BANK6          

        CLASS   BANK7          

        CLASS   SFR            

        CLASS   FARRAM         

        CLASS   CONFIG         
                config                           300000   300000        E         0

        CLASS   IDLOC          
                idloc                            200000   200000        8         0

        CLASS   EEDATA         



SEGMENTS        Name                           Load    Length   Top    Selector   Space  Class

                reset_vec                      000000  000004  000004         0       0  CODE    
                cstackCOMRAM                   000001  000019  00001A         1       1  COMRAM  
                intcode                        000008  000628  000630         4       0  CODE    
                idloc                          200000  000008  200008    200000       0  IDLOC   
                config                         300000  00000E  30000E    300000       0  CONFIG  


UNUSED ADDRESS RANGES

        Name                Unused          Largest block    Delta
        BANK0            000060-0000FF               A0
        BANK1            000100-0001FF              100
        BANK2            000200-0002FF              100
        BANK3            000300-0003FF              100
        BANK4            000400-0004FF              100
        BANK5            000500-0005FF              100
        BANK6            000600-0006FF              100
        BANK7            000700-0007FF              100
        BIGRAM           00001A-0007FF              7E6
        CODE             000004-000007                4
                         000630-007FFF             79D0
        COMRAM           00001A-00005F               46
        CONST            000004-000007                4
                         000630-007FFF             79D0
        EEDATA           F00000-F000FF              100
        MEDIUMCONST      000800-007FFF             7800
        RAM              000060-0007FF              100
        SFR              000F60-000FFF               A0
        SMALLCONST       000800-007FFF              100
        STACK            000060-0007FF              7A0

                                  Symbol Table

_INTCON2bits                            (abs)        000FF1
_INTCON3bits                            (abs)        000FF0
_INTCONbits                             (abs)        000FF2
_IPR1bits                               (abs)        000F9F
_IPR2bits                               (abs)        000FA2
_PIE1bits                               (abs)        000F9D
_PIE2bits                               (abs)        000FA0
_PIR1bits                               (abs)        000F9E
_PIR2bits                               (abs)        000FA1
_PORTBbits                              (abs)        000F81
_SSPADD                                 (abs)        000FC8
_SSPBUF                                 (abs)        000FC9
_SSPCON1bits                            (abs)        000FC6
_SSPCON2bits                            (abs)        000FC5
_SSPSTATbits                            (abs)        000FC7
_T0CONbits                              (abs)        000FD5
_TRISBbits                              (abs)        000F93
__CFG_FOSC$INTOSC_EC                    (abs)        000000
__CFG_MCLRE$OFF                         (abs)        000000
__CFG_WDT$OFF                           (abs)        000000
__HRAM                                  (abs)        000000
__Habs1                                 abs1         000000
__Hbank0                                bank0        000000
__Hbank1                                bank1        000000
__Hbank2                                bank2        000000
__Hbank3                                bank3        000000
__Hbank4                                bank4        000000
__Hbank5                                bank5        000000
__Hbank6                                bank6        000000
__Hbank7                                bank7        000000
__Hbigbss                               bigbss       000000
__Hbigdata                              bigdata      000000
__Hbigram                               bigram       000000
__Hbss                                  bss          000000
__HbssCOMRAM                            bssCOMRAM    000000
__Hcinit                                cinit        000000
__Hclrtext                              clrtext      000000
__Hcomram                               comram       000000
__Hconfig                               config       30000E
__Hconst                                const        000000
__HcstackCOMRAM                         cstackCOMRAM 000000
__Hdata                                 data         000000
__Heeprom_data                          eeprom_data  000000
__Hfarbss                               farbss       000000
__Hfardata                              fardata      000000
__Hibigdata                             ibigdata     000000
__Hidata                                idata        000000
__Hidloc                                idloc        200008
__Hifardata                             ifardata     000000
__Hinit                                 init         000012
__Hintcode                              intcode      00000E
__Hintcode_body                         intcode_body 000000
__Hintcodelo                            intcodelo    00000E
__Hintentry                             intentry     000000
__Hintret                               intret       000000
__Hintsave_regs                         intsave_regs 000000
__Hirdata                               irdata       000000
__Hmediumconst                          mediumconst  000000
__HnvFARRAM                             nvFARRAM     000000
__Hnvbit                                nvbit        000000
__Hnvrram                               nvrram       000000
__Hparam                                rparam       000000
__Hpowerup                              powerup      00000E
__Hram                                  ram          000000
__Hramtop                               ramtop       000800
__Hrbit                                 rbit         000000
__Hrbss                                 rbss         000000
__Hrdata                                rdata        000000
__Hreset_vec                            reset_vec    000004
__Hrparam                               rparam       000000
__Hsfr                                  sfr          000000
__Hsmallconst                           smallconst   000000
__Hspace_0                              (abs)        30000E
__Hspace_1                              (abs)        00001A
__Hspace_2                              (abs)        000000
__Hstack                                stack        000000
__Hstruct                               struct       000000
__Htemp                                 temp         00001A
__Htext                                 text         000000
__Htext0                                text0        000000
__Htext1                                text1        000000
__Htext10                               text10       000000
__Htext2                                text2        000000
__Htext3                                text3        000000
__Htext5                                text5        000000
__Htext6                                text6        000000
__Htext7                                text7        000000
__Htext8                                text8        000000
__Htext9                                text9        000000
__LRAM                                  (abs)        000001
__Labs1                                 abs1         000000
__Lbank0                                bank0        000000
__Lbank1                                bank1        000000
__Lbank2                                bank2        000000
__Lbank3                                bank3        000000
__Lbank4                                bank4        000000
__Lbank5                                bank5        000000
__Lbank6                                bank6        000000
__Lbank7                                bank7        000000
__Lbigbss                               bigbss       000000
__Lbigdata                              bigdata      000000
__Lbigram                               bigram       000000
__Lbss                                  bss          000000
__LbssCOMRAM                            bssCOMRAM    000000
__Lcinit                                cinit        000000
__Lclrtext                              clrtext      000000
__Lcomram                               comram       000000
__Lconfig                               config       300000
__Lconst                                const        000000
__LcstackCOMRAM                         cstackCOMRAM 000000
__Ldata                                 data         000000
__Leeprom_data                          eeprom_data  000000
__Lfarbss                               farbss       000000
__Lfardata                              fardata      000000
__Libigdata                             ibigdata     000000
__Lidata                                idata        000000
__Lidloc                                idloc        200000
__Lifardata                             ifardata     000000
__Linit                                 init         00000E
__Lintcode                              intcode      000008
__Lintcode_body                         intcode_body 000000
__Lintcodelo                            intcodelo    00000E
__Lintentry                             intentry     000000
__Lintret                               intret       000000
__Lintsave_regs                         intsave_regs 000000
__Lirdata                               irdata       000000
__Lmediumconst                          mediumconst  000000
__LnvFARRAM                             nvFARRAM     000000
__Lnvbit                                nvbit        000000
__Lnvrram                               nvrram       000000
__Lparam                                rparam       000000
__Lpowerup                              powerup      00000E
__Lram                                  ram          000000
__Lramtop                               ramtop       000800
__Lrbit                                 rbit         000000
__Lrbss                                 rbss         000000
__Lrdata                                rdata        000000
__Lreset_vec                            reset_vec    000000
__Lrparam                               rparam       000000
__Lsfr                                  sfr          000000
__Lsmallconst                           smallconst   000000
__Lspace_0                              (abs)        000000
__Lspace_1                              (abs)        000000
__Lspace_2                              (abs)        000000
__Lstack                                stack        000000
__Lstruct                               struct       000000
__Ltemp                                 temp         000019
__Ltext                                 text         000000
__Ltext0                                text0        000000
__Ltext1                                text1        000000
__Ltext10                               text10       000000
__Ltext2                                text2        000000
__Ltext3                                text3        000000
__Ltext5                                text5        000000
__Ltext6                                text6        000000
__Ltext7                                text7        000000
__Ltext8                                text8        000000
__Ltext9                                text9        000000
__S0                                    (abs)        30000E
__S1                                    (abs)        00001A
__S2                                    (abs)        000000
___inthi_sp                             stack        000000
___intlo_sp                             stack        000000
___param_bank                           (abs)        000000
___rparam_used                          (abs)        000001
___sp                                   stack        000000
__accesstop                             (abs)        000060
__activetblptr                          (abs)        000000
__end_of__initialization                cinit        000624
__end_of_i2C_ReceiveData                text6        000498
__end_of_i2C_RepeatedStart              text9        000602
__end_of_i2C_Setup                      text3        0005A4
__end_of_i2C_Start                      text8        0005E6
__end_of_i2C_Stop                       text7        00061C
__end_of_i2C_Wait                       text10       000542
__end_of_interrupts_Event               intcode_body 000358
__end_of_interrupts_Setup               text2        0004F2
__end_of_main                           text0        0005CA
__end_of_vl5310x_Setup                  text1        000630
__end_of_vl53l0x_I2C_ReceiveData        text5        000576
__initialization                        cinit        00061C
__mediumconst                           mediumconst  000000
__pbssCOMRAM                            bssCOMRAM    000015
__pcinit                                cinit        00061C
__pcstackCOMRAM                         cstackCOMRAM 000001
__pintcode                              intcode      000008
__pintcode_body                         intcode_body 000012
__ptext0                                text0        0005A4
__ptext1                                text1        00062E
__ptext10                               text10       0004F2
__ptext2                                text2        000498
__ptext3                                text3        000576
__ptext5                                text5        000542
__ptext6                                text6        000358
__ptext7                                text7        000602
__ptext8                                text8        0005CA
__ptext9                                text9        0005E6
__ramtop                                ramtop       000800
__size_of_i2C_ReceiveData               (abs)        000000
__size_of_i2C_RepeatedStart             (abs)        000000
__size_of_i2C_Setup                     (abs)        000000
__size_of_i2C_Start                     (abs)        000000
__size_of_i2C_Stop                      (abs)        000000
__size_of_i2C_Wait                      (abs)        000000
__size_of_interrupts_Event              (abs)        000000
__size_of_interrupts_Setup              (abs)        000000
__size_of_main                          (abs)        000000
__size_of_vl5310x_Setup                 (abs)        000000
__size_of_vl53l0x_I2C_ReceiveData       (abs)        000000
__smallconst                            smallconst   000000
_i2C_ReceiveData                        text6        000358
_i2C_RepeatedStart                      text9        0005E6
_i2C_Setup                              text3        000576
_i2C_Start                              text8        0005CA
_i2C_Stop                               text7        000602
_i2C_Wait                               text10       0004F2
_interrupts_Event                       intcode      000008
_interrupts_Setup                       text2        000498
_main                                   text0        0005A4
_vl5310x_Setup                          text1        00062E
_vl53l0x_I2C_ReceiveData                text5        000542
btemp                                   temp         000019
end_of_initialization                   cinit        000624
i2C_ReceiveData@i                       cstackCOMRAM 000008
i2C_ReceiveData@i2C_address             cstackCOMRAM 000007
i2C_ReceiveData@i_848                   cstackCOMRAM 000009
i2C_ReceiveData@numberOfReceivedBytes   cstackCOMRAM 000006
i2C_ReceiveData@numberOfSendBytes       cstackCOMRAM 000003
i2C_ReceiveData@recievedBytesPointer    cstackCOMRAM 000004
i2C_ReceiveData@sendBytes               cstackCOMRAM 000001
int$flags                               temp         000019
int_func                                intcode_body 000012
interrupts_Event@device_register        cstackCOMRAM 000013
interrupts_Event@slave_address          cstackCOMRAM 000012
interrupts_Event@value                  cstackCOMRAM 000014
intlevel0                               text         000000
intlevel1                               text         000000
intlevel2                               text         000000
intlevel3                               text         000000
stackhi                                 (abs)        0007FF
stacklo                                 (abs)        000060
start                                   init         00000E
start_initialization                    cinit        00061C
ttemp5                                  temp         00001A
ttemp6                                  temp         00001D
ttemp7                                  temp         000021
vl53l0x_I2C_ReceiveData@F26             bssCOMRAM    000018
vl53l0x_I2C_ReceiveData@F28             bssCOMRAM    000017
vl53l0x_I2C_ReceiveData@device_register cstackCOMRAM 00000A
vl53l0x_I2C_ReceiveData@recievedData    cstackCOMRAM 00000D
vl53l0x_I2C_ReceiveData@sendData        cstackCOMRAM 00000C
vl53l0x_I2C_ReceiveData@slave_address   cstackCOMRAM 00000B
vl53l0x_i2C_SendData@F21                bssCOMRAM    000015
wtemp8                                  temp         00001A


FUNCTION INFORMATION:

 *************** function _main *****************
 Defined at:
		line 58 in file "main.c"
 Parameters:    Size  Location     Type
		None
 Auto vars:     Size  Location     Type
		None
 Return value:  Size  Location     Type
                  1    wreg      void 
 Registers used:
		wreg, status,2, cstack
 Tracked objects:
		On entry : 
		On exit  : 
		Unchanged: 
 Data sizes:     COMRAM   BANK0   BANK1   BANK2   BANK3   BANK4   BANK5   BANK6   BANK7
      Params:         0       0       0       0       0       0       0       0       0
      Locals:         0       0       0       0       0       0       0       0       0
      Temps:          0       0       0       0       0       0       0       0       0
      Totals:         0       0       0       0       0       0       0       0       0
Total ram usage:        0 bytes
 Hardware stack levels required when called:    6
 This function calls:
		_i2C_Setup
		_interrupts_Setup
		_vl5310x_Setup
 This function is called by:
		Startup code after reset
 This function uses a non-reentrant model


 *************** function _vl5310x_Setup *****************
 Defined at:
		line 36 in file "vL53L0X.c"
 Parameters:    Size  Location     Type
		None
 Auto vars:     Size  Location     Type
		None
 Return value:  Size  Location     Type
                  1    wreg      void 
 Registers used:
		None
 Tracked objects:
		On entry : 
		On exit  : 
		Unchanged: 
 Data sizes:     COMRAM   BANK0   BANK1   BANK2   BANK3   BANK4   BANK5   BANK6   BANK7
      Params:         0       0       0       0       0       0       0       0       0
      Locals:         0       0       0       0       0       0       0       0       0
      Temps:          0       0       0       0       0       0       0       0       0
      Totals:         0       0       0       0       0       0       0       0       0
Total ram usage:        0 bytes
 Hardware stack levels used:    1
 Hardware stack levels required when called:    5
 This function calls:
		Nothing
 This function is called by:
		_main
 This function uses a non-reentrant model


 *************** function _interrupts_Setup *****************
 Defined at:
		line 19 in file "interrupts.c"
 Parameters:    Size  Location     Type
		None
 Auto vars:     Size  Location     Type
		None
 Return value:  Size  Location     Type
                  1    wreg      void 
 Registers used:
		None
 Tracked objects:
		On entry : 
		On exit  : 
		Unchanged: 
 Data sizes:     COMRAM   BANK0   BANK1   BANK2   BANK3   BANK4   BANK5   BANK6   BANK7
      Params:         0       0       0       0       0       0       0       0       0
      Locals:         0       0       0       0       0       0       0       0       0
      Temps:          0       0       0       0       0       0       0       0       0
      Totals:         0       0       0       0       0       0       0       0       0
Total ram usage:        0 bytes
 Hardware stack levels used:    1
 Hardware stack levels required when called:    5
 This function calls:
		Nothing
 This function is called by:
		_main
 This function uses a non-reentrant model


 *************** function _i2C_Setup *****************
 Defined at:
		line 17 in file "i2C.c"
 Parameters:    Size  Location     Type
		None
 Auto vars:     Size  Location     Type
		None
 Return value:  Size  Location     Type
                  1    wreg      void 
 Registers used:
		wreg, status,2
 Tracked objects:
		On entry : 
		On exit  : 
		Unchanged: 
 Data sizes:     COMRAM   BANK0   BANK1   BANK2   BANK3   BANK4   BANK5   BANK6   BANK7
      Params:         0       0       0       0       0       0       0       0       0
      Locals:         0       0       0       0       0       0       0       0       0
      Temps:          0       0       0       0       0       0       0       0       0
      Totals:         0       0       0       0       0       0       0       0       0
Total ram usage:        0 bytes
 Hardware stack levels used:    1
 Hardware stack levels required when called:    5
 This function calls:
		Nothing
 This function is called by:
		_main
 This function uses a non-reentrant model


 *************** function _interrupts_Event *****************
 Defined at:
		line 90 in file "interrupts.c"
 Parameters:    Size  Location     Type
		None
 Auto vars:     Size  Location     Type
  value           1   19[COMRAM] unsigned char 
  device_regis    1   18[COMRAM] unsigned char 
  slave_addres    1   17[COMRAM] unsigned char 
 Return value:  Size  Location     Type
                  1    wreg      void 
 Registers used:
		wreg, fsr2l, fsr2h, status,2, status,0, prodl, prodh, cstack
 Tracked objects:
		On entry : 
		On exit  : 
		Unchanged: 
 Data sizes:     COMRAM   BANK0   BANK1   BANK2   BANK3   BANK4   BANK5   BANK6   BANK7
      Params:         0       0       0       0       0       0       0       0       0
      Locals:         3       0       0       0       0       0       0       0       0
      Temps:          4       0       0       0       0       0       0       0       0
      Totals:         7       0       0       0       0       0       0       0       0
Total ram usage:        7 bytes
 Hardware stack levels used:    1
 Hardware stack levels required when called:    4
 This function calls:
		_vl53l0x_I2C_ReceiveData
 This function is called by:
		Interrupt level 2
 This function uses a non-reentrant model


 *************** function _vl53l0x_I2C_ReceiveData *****************
 Defined at:
		line 24 in file "vL53L0X.c"
 Parameters:    Size  Location     Type
  slave_addres    1    wreg     unsigned char 
  device_regis    1    9[COMRAM] unsigned char 
 Auto vars:     Size  Location     Type
  slave_addres    1   10[COMRAM] unsigned char 
  recievedData    1   12[COMRAM] unsigned char [1]
  sendData        1   11[COMRAM] unsigned char [1]
 Return value:  Size  Location     Type
                  1    wreg      unsigned char 
 Registers used:
		wreg, fsr2l, fsr2h, status,2, status,0, prodl, prodh, cstack
 Tracked objects:
		On entry : 
		On exit  : 
		Unchanged: 
 Data sizes:     COMRAM   BANK0   BANK1   BANK2   BANK3   BANK4   BANK5   BANK6   BANK7
      Params:         1       0       0       0       0       0       0       0       0
      Locals:         3       0       0       0       0       0       0       0       0
      Temps:          0       0       0       0       0       0       0       0       0
      Totals:         4       0       0       0       0       0       0       0       0
Total ram usage:        4 bytes
 Hardware stack levels used:    1
 Hardware stack levels required when called:    3
 This function calls:
		_i2C_ReceiveData
 This function is called by:
		_interrupts_Event
 This function uses a non-reentrant model


 *************** function _i2C_ReceiveData *****************
 Defined at:
		line 159 in file "i2C.c"
 Parameters:    Size  Location     Type
  i2C_address     1    wreg     unsigned char 
  sendBytes       2    0[COMRAM] PTR unsigned char 
		 -> vl53l0x_I2C_ReceiveData@sendData(1), 
  numberOfSend    1    2[COMRAM] unsigned char 
  recievedByte    2    3[COMRAM] PTR unsigned char 
		 -> vl53l0x_I2C_ReceiveData@recievedData(1), 
  numberOfRece    1    5[COMRAM] unsigned char 
 Auto vars:     Size  Location     Type
  i2C_address     1    6[COMRAM] unsigned char 
  i               1    8[COMRAM] unsigned char 
  i               1    7[COMRAM] unsigned char 
 Return value:  Size  Location     Type
                  1    wreg      void 
 Registers used:
		wreg, fsr2l, fsr2h, status,2, status,0, prodl, prodh, cstack
 Tracked objects:
		On entry : 
		On exit  : 
		Unchanged: 
 Data sizes:     COMRAM   BANK0   BANK1   BANK2   BANK3   BANK4   BANK5   BANK6   BANK7
      Params:         6       0       0       0       0       0       0       0       0
      Locals:         3       0       0       0       0       0       0       0       0
      Temps:          0       0       0       0       0       0       0       0       0
      Totals:         9       0       0       0       0       0       0       0       0
Total ram usage:        9 bytes
 Hardware stack levels used:    1
 Hardware stack levels required when called:    2
 This function calls:
		_i2C_RepeatedStart
		_i2C_Start
		_i2C_Stop
 This function is called by:
		_vl53l0x_I2C_ReceiveData
 This function uses a non-reentrant model


 *************** function _i2C_Stop *****************
 Defined at:
		line 113 in file "i2C.c"
 Parameters:    Size  Location     Type
		None
 Auto vars:     Size  Location     Type
		None
 Return value:  Size  Location     Type
                  1    wreg      void 
 Registers used:
		None
 Tracked objects:
		On entry : 
		On exit  : 
		Unchanged: 
 Data sizes:     COMRAM   BANK0   BANK1   BANK2   BANK3   BANK4   BANK5   BANK6   BANK7
      Params:         0       0       0       0       0       0       0       0       0
      Locals:         0       0       0       0       0       0       0       0       0
      Temps:          0       0       0       0       0       0       0       0       0
      Totals:         0       0       0       0       0       0       0       0       0
Total ram usage:        0 bytes
 Hardware stack levels used:    1
 This function calls:
		Nothing
 This function is called by:
		_i2C_ReceiveData
		_i2C_SendData
 This function uses a non-reentrant model


 *************** function _i2C_Start *****************
 Defined at:
		line 87 in file "i2C.c"
 Parameters:    Size  Location     Type
		None
 Auto vars:     Size  Location     Type
		None
 Return value:  Size  Location     Type
                  1    wreg      void 
 Registers used:
		cstack
 Tracked objects:
		On entry : 
		On exit  : 
		Unchanged: 
 Data sizes:     COMRAM   BANK0   BANK1   BANK2   BANK3   BANK4   BANK5   BANK6   BANK7
      Params:         0       0       0       0       0       0       0       0       0
      Locals:         0       0       0       0       0       0       0       0       0
      Temps:          0       0       0       0       0       0       0       0       0
      Totals:         0       0       0       0       0       0       0       0       0
Total ram usage:        0 bytes
 Hardware stack levels used:    1
 Hardware stack levels required when called:    1
 This function calls:
		_i2C_Wait
 This function is called by:
		_i2C_ReceiveData
		_i2C_SendData
 This function uses a non-reentrant model


 *************** function _i2C_RepeatedStart *****************
 Defined at:
		line 100 in file "i2C.c"
 Parameters:    Size  Location     Type
		None
 Auto vars:     Size  Location     Type
		None
 Return value:  Size  Location     Type
                  1    wreg      void 
 Registers used:
		cstack
 Tracked objects:
		On entry : 
		On exit  : 
		Unchanged: 
 Data sizes:     COMRAM   BANK0   BANK1   BANK2   BANK3   BANK4   BANK5   BANK6   BANK7
      Params:         0       0       0       0       0       0       0       0       0
      Locals:         0       0       0       0       0       0       0       0       0
      Temps:          0       0       0       0       0       0       0       0       0
      Totals:         0       0       0       0       0       0       0       0       0
Total ram usage:        0 bytes
 Hardware stack levels used:    1
 Hardware stack levels required when called:    1
 This function calls:
		_i2C_Wait
 This function is called by:
		_i2C_ReceiveData
 This function uses a non-reentrant model


 *************** function _i2C_Wait *****************
 Defined at:
		line 76 in file "i2C.c"
 Parameters:    Size  Location     Type
		None
 Auto vars:     Size  Location     Type
		None
 Return value:  Size  Location     Type
                  1    wreg      void 
 Registers used:
		None
 Tracked objects:
		On entry : 
		On exit  : 
		Unchanged: 
 Data sizes:     COMRAM   BANK0   BANK1   BANK2   BANK3   BANK4   BANK5   BANK6   BANK7
      Params:         0       0       0       0       0       0       0       0       0
      Locals:         0       0       0       0       0       0       0       0       0
      Temps:          0       0       0       0       0       0       0       0       0
      Totals:         0       0       0       0       0       0       0       0       0
Total ram usage:        0 bytes
 Hardware stack levels used:    1
 This function calls:
		Nothing
 This function is called by:
		_i2C_Start
		_i2C_RepeatedStart
 This function uses a non-reentrant model



MODULE INFORMATION

Module		Function		Class		Link	Load	Size
i2C.c
		_i2C_Setup     		CODE           	0576	0000	47
		_i2C_Start     		CODE           	05CA	0000	29
		_i2C_RepeatedStart		CODE           	05E6	0000	29
		_i2C_ReceiveData		CODE           	0358	0000	321
		_i2C_Stop      		CODE           	0602	0000	27
		_i2C_Wait      		CODE           	04F2	0000	81

i2C.c estimated size: 534

interrupts.c
		_interrupts_Event		CODE           	0008	0000	845
		_interrupts_Setup		CODE           	0498	0000	91

interrupts.c estimated size: 936

vL53L0X.c
		_vl53l0x_I2C_ReceiveData		CODE           	0542	0000	53
		_vl5310x_Setup 		CODE           	062E	0000	3

vL53L0X.c estimated size: 56

shared
		__initialization		CODE           	061C	0000	9

shared estimated size: 9

main.c
		_main          		CODE           	05A4	0000	39

main.c estimated size: 39

